This is XeTeX, Version 3.141592653-2.6-0.999997 (TeX Live 2025/Debian) (preloaded format=xelatex)
 restricted \write18 enabled.
entering extended mode
(./ApogeeInvest_Strategie2_XAUUSD_NiveauxX10_RapportTechnique.tex
LaTeX2e <2025-11-01>
L3 programming layer <2026-01-19>
(/usr/share/texlive/texmf-dist/tex/latex/koma-script/scrartcl.cls
Document Class: scrartcl 2025/12/01 v3.49 KOMA-Script document class (article)
(/usr/share/texlive/texmf-dist/tex/latex/koma-script/scrkbase.sty
(/usr/share/texlive/texmf-dist/tex/latex/koma-script/scrbase.sty
(/usr/share/texlive/texmf-dist/tex/latex/koma-script/scrlfile.sty
(/usr/share/texlive/texmf-dist/tex/latex/koma-script/scrlfile-hook.sty
(/usr/share/texlive/texmf-dist/tex/latex/koma-script/scrlogo.sty)))
(/usr/share/texlive/texmf-dist/tex/latex/graphics/keyval.sty)))
(/usr/share/texlive/texmf-dist/tex/latex/koma-script/tocbasic.sty)
(/usr/share/texlive/texmf-dist/tex/latex/koma-script/scrsize11pt.clo)
(/usr/share/texlive/texmf-dist/tex/latex/koma-script/typearea.sty))
(../rapport_technique/preamble.tex
(/usr/share/texlive/texmf-dist/tex/latex/fontspec/fontspec.sty
(/usr/share/texlive/texmf-dist/tex/latex/l3packages/xparse/xparse.sty
(/usr/share/texlive/texmf-dist/tex/latex/l3kernel/expl3.sty
(/usr/share/texlive/texmf-dist/tex/latex/l3backend/l3backend-xetex.def)))
(/usr/share/texlive/texmf-dist/tex/latex/fontspec/fontspec-xetex.sty
(/usr/share/texlive/texmf-dist/tex/latex/base/fontenc.sty)
(/usr/share/texlive/texmf-dist/tex/latex/fontspec/fontspec.cfg)))
(/usr/share/texlive/texmf-dist/tex/latex/polyglossia/polyglossia.sty
(/usr/share/texlive/texmf-dist/tex/latex/etoolbox/etoolbox.sty)
(/usr/share/texlive/texmf-dist/tex/generic/iftex/iftex.sty)
(/usr/share/texlive/texmf-dist/tex/latex/polyglossia/gloss-latex.ldf))
(/usr/share/texlive/texmf-dist/tex/latex/polyglossia/gloss-french.ldf)
(/usr/share/texlive/texmf-dist/tex/latex/polyglossia/gloss-english.ldf)
(/usr/share/texlive/texmf-dist/tex/latex/geometry/geometry.sty
(/usr/share/texlive/texmf-dist/tex/generic/iftex/ifvtex.sty))
(/usr/share/texlive/texmf-dist/tex/latex/xcolor/xcolor.sty
(/usr/share/texlive/texmf-dist/tex/latex/graphics-cfg/color.cfg)
(/usr/share/texlive/texmf-dist/tex/latex/graphics-def/xetex.def)
(/usr/share/texlive/texmf-dist/tex/latex/graphics/mathcolor.ltx))
(/usr/share/texlive/texmf-dist/tex/latex/amsmath/amsmath.sty
For additional information on amsmath, use the `?' option.
(/usr/share/texlive/texmf-dist/tex/latex/amsmath/amstext.sty
(/usr/share/texlive/texmf-dist/tex/latex/amsmath/amsgen.sty))
(/usr/share/texlive/texmf-dist/tex/latex/amsmath/amsbsy.sty)
(/usr/share/texlive/texmf-dist/tex/latex/amsmath/amsopn.sty))
(/usr/share/texlive/texmf-dist/tex/latex/amsfonts/amssymb.sty
(/usr/share/texlive/texmf-dist/tex/latex/amsfonts/amsfonts.sty))
(/usr/share/texlive/texmf-dist/tex/latex/graphics/graphicx.sty
(/usr/share/texlive/texmf-dist/tex/latex/graphics/graphics.sty
(/usr/share/texlive/texmf-dist/tex/latex/graphics/trig.sty)
(/usr/share/texlive/texmf-dist/tex/latex/graphics-cfg/graphics.cfg)))
(/usr/share/texlive/texmf-dist/tex/latex/float/float.sty)
(/usr/share/texlive/texmf-dist/tex/latex/booktabs/booktabs.sty)
(/usr/share/texlive/texmf-dist/tex/latex/tools/longtable.sty)
(/usr/share/texlive/texmf-dist/tex/latex/tools/array.sty)
(/usr/share/texlive/texmf-dist/tex/latex/tools/tabularx.sty)
(/usr/share/texlive/texmf-dist/tex/latex/tools/multicol.sty)
(/usr/share/texlive/texmf-dist/tex/latex/multirow/multirow.sty)
(/usr/share/texlive/texmf-dist/tex/latex/caption/caption.sty
(/usr/share/texlive/texmf-dist/tex/latex/caption/caption3.sty)
(/usr/share/texlive/texmf-dist/tex/latex/caption/ltcaption.sty))
(/usr/share/texlive/texmf-dist/tex/latex/caption/subcaption.sty)
(/usr/share/texlive/texmf-dist/tex/latex/csquotes/csquotes.sty
(/usr/share/texlive/texmf-dist/tex/latex/csquotes/csquotes.def)
(/usr/share/texlive/texmf-dist/tex/latex/csquotes/csquotes.cfg))
(/usr/share/texlive/texmf-dist/tex/latex/enumitem/enumitem.sty)
(/usr/share/texlive/texmf-dist/tex/latex/siunitx/siunitx.sty
(/usr/share/texlive/texmf-dist/tex/latex/translations/translations.sty
(/usr/share/texlive/texmf-dist/tex/generic/pdftexcmds/pdftexcmds.sty
(/usr/share/texlive/texmf-dist/tex/generic/infwarerr/infwarerr.sty)
(/usr/share/texlive/texmf-dist/tex/generic/ltxcmds/ltxcmds.sty))))

Class scrartcl Warning: Usage of package `titlesec' together
(scrartcl)              with a KOMA-Script class is not recommended.
(scrartcl)              I'd suggest to use KOMA-Script features
(scrartcl)              like \setkomafont, \RedeclareSectionCommand, \sectionli
nesformat
(scrartcl)              and several others to re-configure section
(scrartcl)              headings.
(scrartcl)              Nevertheless, using requested
(scrartcl)              package `titlesec' on input line 140.

(/usr/share/texlive/texmf-dist/tex/latex/titlesec/titlesec.sty

Package titlesec Warning: Non standard sectioning command \section
(titlesec)                detected. Using default spacing and no format.


Package titlesec Warning: Non standard sectioning command \subsection
(titlesec)                detected. Using default spacing and no format.


Package titlesec Warning: Non standard sectioning command \subsubsection
(titlesec)                detected. Using default spacing and no format.


Package titlesec Warning: Non standard sectioning command \paragraph
(titlesec)                detected. Using default spacing and no format.


Package titlesec Warning: Non standard sectioning command \subparagraph
(titlesec)                detected. Using default spacing and no format.

)

Class scrartcl Warning: Usage of package `fancyhdr' together
(scrartcl)              with a KOMA-Script class is not recommended.
(scrartcl)              I'd suggest to use
(scrartcl)              package `scrlayer' or `scrlayer-scrpage', because
(scrartcl)              they support KOMA-Script classes.
(scrartcl)              With `fancyhdr' several features of class `scrartcl'
(scrartcl)              like options `headsepline', `footsepline' or command
(scrartcl)              `\MakeMarkcase' and the commands `\setkomafont' and
(scrartcl)              `\addtokomafont' for the page style elements need
(scrartcl)              explicite user intervention to work.
(scrartcl)              Nevertheless, using requested
(scrartcl)              package `fancyhdr' on input line 161.

(/usr/share/texlive/texmf-dist/tex/latex/fancyhdr/fancyhdr.sty)
(/usr/share/texlive/texmf-dist/tex/latex/tcolorbox/tcolorbox.sty
(/usr/share/texlive/texmf-dist/tex/latex/pgf/frontendlayer/tikz.sty
(/usr/share/texlive/texmf-dist/tex/latex/pgf/basiclayer/pgf.sty
(/usr/share/texlive/texmf-dist/tex/latex/pgf/utilities/pgfrcs.sty
(/usr/share/texlive/texmf-dist/tex/generic/pgf/utilities/pgfutil-common.tex)
(/usr/share/texlive/texmf-dist/tex/generic/pgf/utilities/pgfutil-latex.def)
(/usr/share/texlive/texmf-dist/tex/generic/pgf/utilities/pgfrcs.code.tex
(/usr/share/texlive/texmf-dist/tex/generic/pgf/pgf.revision.tex)))
(/usr/share/texlive/texmf-dist/tex/latex/pgf/basiclayer/pgfcore.sty
(/usr/share/texlive/texmf-dist/tex/latex/pgf/systemlayer/pgfsys.sty
(/usr/share/texlive/texmf-dist/tex/generic/pgf/systemlayer/pgfsys.code.tex
(/usr/share/texlive/texmf-dist/tex/generic/pgf/utilities/pgfkeys.code.tex
(/usr/share/texlive/texmf-dist/tex/generic/pgf/utilities/pgfkeyslibraryfiltered
.code.tex)) (/usr/share/texlive/texmf-dist/tex/generic/pgf/systemlayer/pgf.cfg)
(/usr/share/texlive/texmf-dist/tex/generic/pgf/systemlayer/pgfsys-xetex.def
(/usr/share/texlive/texmf-dist/tex/generic/pgf/systemlayer/pgfsys-dvipdfmx.def
(/usr/share/texlive/texmf-dist/tex/generic/pgf/systemlayer/pgfsys-common-pdf.de
f))))
(/usr/share/texlive/texmf-dist/tex/generic/pgf/systemlayer/pgfsyssoftpath.code.
tex)
(/usr/share/texlive/texmf-dist/tex/generic/pgf/systemlayer/pgfsysprotocol.code.
tex))
(/usr/share/texlive/texmf-dist/tex/generic/pgf/basiclayer/pgfcore.code.tex
(/usr/share/texlive/texmf-dist/tex/generic/pgf/math/pgfmath.code.tex
(/usr/share/texlive/texmf-dist/tex/generic/pgf/math/pgfmathutil.code.tex)
(/usr/share/texlive/texmf-dist/tex/generic/pgf/math/pgfmathparser.code.tex)
(/usr/share/texlive/texmf-dist/tex/generic/pgf/math/pgfmathfunctions.code.tex)
(/usr/share/texlive/texmf-dist/tex/generic/pgf/math/pgfmathfunctions.basic.code
.tex)
(/usr/share/texlive/texmf-dist/tex/generic/pgf/math/pgfmathfunctions.trigonomet
ric.code.tex)
(/usr/share/texlive/texmf-dist/tex/generic/pgf/math/pgfmathfunctions.random.cod
e.tex)
(/usr/share/texlive/texmf-dist/tex/generic/pgf/math/pgfmathfunctions.comparison
.code.tex)
(/usr/share/texlive/texmf-dist/tex/generic/pgf/math/pgfmathfunctions.base.code.
tex)
(/usr/share/texlive/texmf-dist/tex/generic/pgf/math/pgfmathfunctions.round.code
.tex)
(/usr/share/texlive/texmf-dist/tex/generic/pgf/math/pgfmathfunctions.misc.code.
tex)
(/usr/share/texlive/texmf-dist/tex/generic/pgf/math/pgfmathfunctions.integerari
thmetics.code.tex)
(/usr/share/texlive/texmf-dist/tex/generic/pgf/math/pgfmathcalc.code.tex)
(/usr/share/texlive/texmf-dist/tex/generic/pgf/math/pgfmathfloat.code.tex))
(/usr/share/texlive/texmf-dist/tex/generic/pgf/math/pgfint.code.tex)
(/usr/share/texlive/texmf-dist/tex/generic/pgf/basiclayer/pgfcorepoints.code.te
x)
(/usr/share/texlive/texmf-dist/tex/generic/pgf/basiclayer/pgfcorepathconstruct.
code.tex)
(/usr/share/texlive/texmf-dist/tex/generic/pgf/basiclayer/pgfcorepathusage.code
.tex)
(/usr/share/texlive/texmf-dist/tex/generic/pgf/basiclayer/pgfcorescopes.code.te
x)
(/usr/share/texlive/texmf-dist/tex/generic/pgf/basiclayer/pgfcoregraphicstate.c
ode.tex)
(/usr/share/texlive/texmf-dist/tex/generic/pgf/basiclayer/pgfcoretransformation
s.code.tex)
(/usr/share/texlive/texmf-dist/tex/generic/pgf/basiclayer/pgfcorequick.code.tex
)
(/usr/share/texlive/texmf-dist/tex/generic/pgf/basiclayer/pgfcoreobjects.code.t
ex)
(/usr/share/texlive/texmf-dist/tex/generic/pgf/basiclayer/pgfcorepathprocessing
.code.tex)
(/usr/share/texlive/texmf-dist/tex/generic/pgf/basiclayer/pgfcorearrows.code.te
x)
(/usr/share/texlive/texmf-dist/tex/generic/pgf/basiclayer/pgfcoreshade.code.tex
)
(/usr/share/texlive/texmf-dist/tex/generic/pgf/basiclayer/pgfcoreimage.code.tex
)
(/usr/share/texlive/texmf-dist/tex/generic/pgf/basiclayer/pgfcoreexternal.code.
tex)
(/usr/share/texlive/texmf-dist/tex/generic/pgf/basiclayer/pgfcorelayers.code.te
x)
(/usr/share/texlive/texmf-dist/tex/generic/pgf/basiclayer/pgfcoretransparency.c
ode.tex)
(/usr/share/texlive/texmf-dist/tex/generic/pgf/basiclayer/pgfcorepatterns.code.
tex)
(/usr/share/texlive/texmf-dist/tex/generic/pgf/basiclayer/pgfcorerdf.code.tex))
)
(/usr/share/texlive/texmf-dist/tex/generic/pgf/modules/pgfmoduleshapes.code.tex
) (/usr/share/texlive/texmf-dist/tex/generic/pgf/modules/pgfmoduleplot.code.tex
)
(/usr/share/texlive/texmf-dist/tex/latex/pgf/compatibility/pgfcomp-version-0-65
.sty)
(/usr/share/texlive/texmf-dist/tex/latex/pgf/compatibility/pgfcomp-version-1-18
.sty)) (/usr/share/texlive/texmf-dist/tex/latex/pgf/utilities/pgffor.sty
(/usr/share/texlive/texmf-dist/tex/latex/pgf/utilities/pgfkeys.sty
(/usr/share/texlive/texmf-dist/tex/generic/pgf/utilities/pgfkeys.code.tex))
(/usr/share/texlive/texmf-dist/tex/latex/pgf/math/pgfmath.sty
(/usr/share/texlive/texmf-dist/tex/generic/pgf/math/pgfmath.code.tex))
(/usr/share/texlive/texmf-dist/tex/generic/pgf/utilities/pgffor.code.tex))
(/usr/share/texlive/texmf-dist/tex/generic/pgf/frontendlayer/tikz/tikz.code.tex

(/usr/share/texlive/texmf-dist/tex/generic/pgf/libraries/pgflibraryplothandlers
.code.tex)
(/usr/share/texlive/texmf-dist/tex/generic/pgf/modules/pgfmodulematrix.code.tex
)
(/usr/share/texlive/texmf-dist/tex/generic/pgf/frontendlayer/tikz/libraries/tik
zlibrarytopaths.code.tex)))
(/usr/share/texlive/texmf-dist/tex/latex/tools/verbatim.sty)
(/usr/share/texlive/texmf-dist/tex/latex/environ/environ.sty
(/usr/share/texlive/texmf-dist/tex/latex/trimspaces/trimspaces.sty))
(/usr/share/texlive/texmf-dist/tex/latex/tcolorbox/tcbraster.code.tex
Library (tcolorbox): 'tcbraster.code.tex' version '6.9.0'
) (/usr/share/texlive/texmf-dist/tex/latex/tcolorbox/tcbskins.code.tex
Library (tcolorbox): 'tcbskins.code.tex' version '6.9.0'
(/usr/share/texlive/texmf-dist/tex/latex/tikzfill/tikzfill.image.sty
(/usr/share/texlive/texmf-dist/tex/latex/tikzfill/tikzfill-common.sty)
(/usr/share/texlive/texmf-dist/tex/latex/tikzfill/tikzlibraryfill.image.code.te
x)) (/usr/share/texlive/texmf-dist/tex/latex/tcolorbox/tcbskinsjigsaw.code.tex
Library (tcolorbox): 'tcbskinsjigsaw.code.tex' version '6.9.0'
)) (/usr/share/texlive/texmf-dist/tex/latex/tcolorbox/tcbbreakable.code.tex
Library (tcolorbox): 'tcbbreakable.code.tex' version '6.9.0'
(/usr/share/texlive/texmf-dist/tex/latex/pdfcol/pdfcol.sty))
(/usr/share/texlive/texmf-dist/tex/latex/tcolorbox/tcbhooks.code.tex
Library (tcolorbox): 'tcbhooks.code.tex' version '6.9.0'
) (/usr/share/texlive/texmf-dist/tex/latex/tcolorbox/tcbtheorems.code.tex
Library (tcolorbox): 'tcbtheorems.code.tex' version '6.9.0'
) (/usr/share/texlive/texmf-dist/tex/latex/tcolorbox/tcbfitting.code.tex
Library (tcolorbox): 'tcbfitting.code.tex' version '6.9.0'
) (/usr/share/texlive/texmf-dist/tex/latex/tcolorbox/tcblistingsutf8.code.tex
Library (tcolorbox): 'tcblistingsutf8.code.tex' version '6.9.0'
(/usr/share/texlive/texmf-dist/tex/latex/tcolorbox/tcblistings.code.tex
Library (tcolorbox): 'tcblistings.code.tex' version '6.9.0'
(/usr/share/texlive/texmf-dist/tex/latex/listings/listings.sty
(/usr/share/texlive/texmf-dist/tex/latex/listings/lstpatch.sty)
(/usr/share/texlive/texmf-dist/tex/latex/listings/lstmisc.sty)
(/usr/share/texlive/texmf-dist/tex/latex/listings/listings.cfg))
==> First Aid for listings.sty no longer applied!
    Expected:
        2024/09/23 1.10c (Carsten Heinz)
    but found:
        2025/11/14 1.11b (Carsten Heinz)
    so I'm assuming it got fixed.
(/usr/share/texlive/texmf-dist/tex/latex/tcolorbox/tcblistingscore.code.tex
Library (tcolorbox): 'tcblistingscore.code.tex' version '6.9.0'
(/usr/share/texlive/texmf-dist/tex/latex/tcolorbox/tcbprocessing.code.tex
Library (tcolorbox): 'tcbprocessing.code.tex' version '6.9.0'
)))) (/usr/share/texlive/texmf-dist/tex/latex/tcolorbox/tcbexternal.code.tex
Library (tcolorbox): 'tcbexternal.code.tex' version '6.9.0'
) (/usr/share/texlive/texmf-dist/tex/latex/tcolorbox/tcbmagazine.code.tex
Library (tcolorbox): 'tcbmagazine.code.tex' version '6.9.0'
) (/usr/share/texlive/texmf-dist/tex/latex/tcolorbox/tcbvignette.code.tex
Library (tcolorbox): 'tcbvignette.code.tex' version '6.9.0'

(/usr/share/texlive/texmf-dist/tex/generic/pgf/frontendlayer/tikz/libraries/tik
zlibraryfadings.code.tex
(/usr/share/texlive/texmf-dist/tex/generic/pgf/libraries/pgflibraryfadings.code
.tex))) (/usr/share/texlive/texmf-dist/tex/latex/tcolorbox/tcbposter.code.tex
Library (tcolorbox): 'tcbposter.code.tex' version '6.9.0'
)) (/usr/share/texlive/texmf-dist/tex/latex/lettrine/lettrine.sty
Loading lettrine.cfg
(/usr/share/texlive/texmf-dist/tex/latex/lettrine/lettrine.cfg))
(/usr/share/texlive/texmf-dist/tex/latex/hyperref/hyperref.sty
(/usr/share/texlive/texmf-dist/tex/latex/kvsetkeys/kvsetkeys.sty)
(/usr/share/texlive/texmf-dist/tex/generic/kvdefinekeys/kvdefinekeys.sty)
(/usr/share/texlive/texmf-dist/tex/generic/pdfescape/pdfescape.sty)
(/usr/share/texlive/texmf-dist/tex/latex/hycolor/hycolor.sty)
(/usr/share/texlive/texmf-dist/tex/latex/hyperref/nameref.sty
(/usr/share/texlive/texmf-dist/tex/latex/refcount/refcount.sty)
(/usr/share/texlive/texmf-dist/tex/generic/gettitlestring/gettitlestring.sty
(/usr/share/texlive/texmf-dist/tex/latex/kvoptions/kvoptions.sty)))
(/usr/share/texlive/texmf-dist/tex/generic/stringenc/stringenc.sty)
(/usr/share/texlive/texmf-dist/tex/latex/hyperref/pd1enc.def)
(/usr/share/texlive/texmf-dist/tex/generic/intcalc/intcalc.sty)
(/usr/share/texlive/texmf-dist/tex/latex/hyperref/puenc.def)
(/usr/share/texlive/texmf-dist/tex/latex/url/url.sty)
(/usr/share/texlive/texmf-dist/tex/generic/bitset/bitset.sty
(/usr/share/texlive/texmf-dist/tex/generic/bigintcalc/bigintcalc.sty)))
(/usr/share/texlive/texmf-dist/tex/latex/hyperref/hxetex.def
(/usr/share/texlive/texmf-dist/tex/latex/rerunfilecheck/rerunfilecheck.sty
(/usr/share/texlive/texmf-dist/tex/generic/uniquecounter/uniquecounter.sty))))
(./tables/x10_verdict.tex) (./tables/x10_headline.tex)
(/usr/share/texlive/texmf-dist/tex/latex/bookmark/bookmark.sty
(/usr/share/texlive/texmf-dist/tex/latex/bookmark/bkm-dvipdfm.def))
(./ApogeeInvest_Strategie2_XAUUSD_NiveauxX10_RapportTechnique.aux)
*geometry* driver: auto-detecting
*geometry* detected driver: xetex

(/usr/share/texlive/texmf-dist/tex/latex/translations/translations-basic-dictio
nary-french.trsl)
(/usr/share/texlive/texmf-dist/tex/latex/translations/translations-basic-dictio
nary-english.trsl)

Package polyglossia Warning: Failed to patch part for French

(/usr/share/texlive/texmf-dist/tex/latex/amsfonts/umsa.fd)
(/usr/share/texlive/texmf-dist/tex/latex/amsfonts/umsb.fd) [1]
Underfull \hbox (badness 10000) in paragraph at lines 142--144

(./ApogeeInvest_Strategie2_XAUUSD_NiveauxX10_RapportTechnique.toc

Package polyglossia Warning: Failed to patch part for French

[1] [2] [3]) [4] (./sections/00_resume_verdict.tex

LaTeX Font Warning: Font shape `TU/LatinModernRoman(0)/m/sc' undefined
(Font)              using `TU/LatinModernRoman(0)/m/n' instead on input line 43
.

[1] (./tables/x10_decision.tex

LaTeX Font Warning: Font shape `TU/LatinModernRoman(0)/b/sc' undefined
(Font)              using `TU/LatinModernRoman(0)/b/n' instead on input line 6.



Underfull \hbox (badness 6725) in paragraph at lines 12--12
[]|\TU/LatinModernRoman(0)/m/n/9 Trades in-sample 2019 $\OMS/cmsy/m/n/9 !$

Underfull \hbox (badness 10000) in paragraph at lines 14--14
[]|\TU/LatinModernRoman(0)/m/n/9 DSR (déflaté par dis-

Underfull \hbox (badness 2495) in paragraph at lines 17--17
[]|$\OT1/cmr/m/n/9 0$\TU/LatinModernRoman(0)/m/n/9 % d’années positives;

Underfull \hbox (badness 1152) in paragraph at lines 20--20
[]|\TU/LatinModernRoman(0)/m/n/9 n $\OMS/cmsy/m/n/9 ^^U$ \TU/LatinModernRoman(0
)/m/n/9 30, sinon NON
)

Package enumitem Warning: Negative labelwidth. This does not make much
(enumitem)                sense, on input line 110.

[2]) (./sections/01_mandat.tex

Package enumitem Warning: Negative labelwidth. This does not make much
(enumitem)                sense, on input line 21.

[3]

Package enumitem Warning: Negative labelwidth. This does not make much
(enumitem)                sense, on input line 69.

) (./sections/02_methodologie.tex [4] [5] (./tables/x10_v1_v2.tex
Underfull \hbox (badness 10000) in paragraph at lines 14--14
[]|\TU/LatinModernRoman(0)/m/n/9 DSR (déflaté par dis-

Underfull \hbox (badness 3179) in paragraph at lines 15--15
[]|\TU/LatinModernRoman(0)/m/n/9 PBO (CSCV, matrice 27 $\OMS/cmsy/m/n/9 ^^B$
) [6]

Package enumitem Warning: Negative labelwidth. This does not make much
(enumitem)                sense, on input line 127.

[7]) (./sections/03_grille_x10.tex (./tables/x10_feasibility.tex) [8] [9]

Package enumitem Warning: Negative labelwidth. This does not make much
(enumitem)                sense, on input line 73.

(./tables/x10_r_rule.tex)

LaTeX Font Warning: Font shape `TU/LatinModernMono(0)/b/n' undefined
(Font)              using `TU/LatinModernMono(0)/m/n' instead on input line 123
.

[10]) (./sections/04_mecanique.tex [11]

Package enumitem Warning: Negative labelwidth. This does not make much
(enumitem)                sense, on input line 50.

[12] [13] [14] [15]) (./sections/05_scenarios.tex (./tables/x10_scenarios.tex)
[16] [17]
Underfull \hbox (badness 4001) in paragraph at lines 117--117
[]|\TU/LatinModernRoman(0)/b/n/10.95 Qualité de la
[18]

Package enumitem Warning: Negative labelwidth. This does not make much
(enumitem)                sense, on input line 131.

[19]) (./sections/06_recherche_vs_execution.tex
Underfull \hbox (badness 3735) in paragraph at lines 20--20
[]|\TU/LatinModernRoman(0)/b/n/10.95 Moteur vecto-
(./tables/x10_engines.tex) [20] (./tables/x10_qc_by_year.tex) [21]
(./tables/x10_mt5_by_year.tex) (./tables/x10_mt5_by_scenario.tex)
(./tables/x10_mt5_attribution.tex
Underfull \hbox (badness 10000) in paragraph at lines 14--15
[]|\TU/LatinModernRoman(0)/m/n/9 mesuré, puis
) [22] (./tables/x10_rungs.tex
Underfull \hbox (badness 10000) in paragraph at lines 13--13
[]|\TU/LatinModernRoman(0)/m/n/9 diagnostic

Underfull \hbox (badness 1939) in paragraph at lines 17--17
[]|\TU/LatinModernRoman(0)/m/n/9 Python vers MT5, même

Underfull \hbox (badness 1939) in paragraph at lines 18--18
[]|\TU/LatinModernRoman(0)/m/n/9 Python vers MT5, même

Underfull \hbox (badness 10000) in paragraph at lines 22--22
[]|\TU/LatinModernRoman(0)/m/n/9 entrées non attribuées,
) [23]) (./sections/07_risque.tex

Package enumitem Warning: Negative labelwidth. This does not make much
(enumitem)                sense, on input line 42.

[24]) (./sections/08_in_sample.tex [25] (./tables/x10_grid27.tex)

Package enumitem Warning: Negative labelwidth. This does not make much
(enumitem)                sense, on input line 36.

[26] [27] (./tables/x10_walkforward.tex) [28] [29] (./tables/x10_sessions.tex)
(./tables/x10_regimes.tex) (./tables/x10_exits.tex) [30]
(./tables/x10_context_cuts.tex)

Package enumitem Warning: Negative labelwidth. This does not make much
(enumitem)                sense, on input line 205.


Overfull \hbox (0.3545pt too wide) in paragraph at lines 205--210
[]\TU/LatinModernRoman(0)/m/sc/10.95 Les \TU/LatinModernRoman(0)/m/it/10.95 rev
ersals \TU/LatinModernRoman(0)/m/sc/10.95 pris loin du \TU/LatinModernMono(0)/b
/n/10 VWAP \TU/LatinModernRoman(0)/m/sc/10.95 de séance rendent $\OMS/cmsy/m/n/
10.95 ^^@\OT1/cmr/m/n/10.95 0[]1991$ \TU/LatinModernRoman(0)/m/sc/10.95 R contr
e $\OMS/cmsy/m/n/10.95 ^^@\OT1/cmr/m/n/10.95 0[]1509$ \TU/LatinModernRoman(0)/m
/sc/10.95 R
[31] (./tables/x10_ablations.tex) (./tables/x10_concentration.tex) [32])
(./sections/09_hors_echantillon.tex [33]

Package enumitem Warning: Negative labelwidth. This does not make much
(enumitem)                sense, on input line 48.

[34]) (./sections/10_bootstrap_mc_ruine.tex [35] [36])
(./sections/11_robustesse_avancee.tex (./tables/x10_robustness.tex) [37]
[38] (./tables/x10_cpcv.tex)

Package enumitem Warning: Negative labelwidth. This does not make much
(enumitem)                sense, on input line 90.


Overfull \hbox (2.43547pt too wide) in paragraph at lines 95--101
[]\TU/LatinModernRoman(0)/m/sc/10.95 Le module du dépôt transmet des \TU/LatinM
odernRoman(0)/m/it/10.95 ren-
[39]) (./sections/12_sensibilite_couts.tex (./tables/x10_spread_measured.tex)
[40] (./tables/x10_costs.tex) [41] [42]

Package enumitem Warning: Negative labelwidth. This does not make much
(enumitem)                sense, on input line 138.

) (./sections/13_limites.tex [43] [44] [45])
(./sections/14b_non_deploiement.tex [46]
Overfull \hbox (1.4251pt too wide) in paragraph at lines 112--115
[] []\TU/LatinModernRoman(0)/b/n/10.95 Hypothèse 2 — un scénario unique.[] \TU/
LatinModernRoman(0)/m/sc/10.95 Le meilleur des quatre est Reversal Short à $\OM
S/cmsy/m/n/10.95 ^^@\OT1/cmr/m/n/10.95 0[]1549$ \TU/LatinModernRoman(0)/m/sc/10
.95 R.
[47]) (./sections/annexe_a_glossaire.tex

Package enumitem Warning: Negative labelwidth. This does not make much
(enumitem)                sense, on input line 19.

[48]

Package enumitem Warning: Negative labelwidth. This does not make much
(enumitem)                sense, on input line 33.


Package enumitem Warning: Negative labelwidth. This does not make much
(enumitem)                sense, on input line 54.


Package enumitem Warning: Negative labelwidth. This does not make much
(enumitem)                sense, on input line 71.

) (./sections/annexe_b_anatomie_trades.tex [49]
(./tables/x10_trade_examples.tex) [50]

Package enumitem Warning: Negative labelwidth. This does not make much
(enumitem)                sense, on input line 93.


Package enumitem Warning: Negative labelwidth. This does not make much
(enumitem)                sense, on input line 114.

) (./sections/annexe_c_plateau.tex [51] [52] [53])
(./sections/annexe_d_methodologie_robustesse.tex [54] [55])
(./sections/annexe_e_table_decision.tex [56]

Package enumitem Warning: Negative labelwidth. This does not make much
(enumitem)                sense, on input line 25.


Underfull \hbox (badness 10000) in paragraph at lines 44--44
[]|\TU/LatinModernRoman(0)/b/n/10.95 Déploiement à
[57]
Underfull \hbox (badness 2088) in paragraph at lines 118--118
\TU/LatinModernRoman(0)/m/sc/10.95 touché des barres posté-
[58]) [59] (./ApogeeInvest_Strategie2_XAUUSD_NiveauxX10_RapportTechnique.aux)

LaTeX Font Warning: Some font shapes were not available, defaults substituted.

 )
(see the transcript file for additional information)
Output written on ApogeeInvest_Strategie2_XAUUSD_NiveauxX10_RapportTechnique.pd
f (64 pages).
Transcript written on ApogeeInvest_Strategie2_XAUUSD_NiveauxX10_RapportTechniqu
e.log.
This is XeTeX, Version 3.141592653-2.6-0.999997 (TeX Live 2025/Debian) (preloaded format=xelatex)
 restricted \write18 enabled.
entering extended mode
(./ApogeeInvest_Strategie2_XAUUSD_NiveauxX10_RapportTechnique.tex
LaTeX2e <2025-11-01>
L3 programming layer <2026-01-19>
(/usr/share/texlive/texmf-dist/tex/latex/koma-script/scrartcl.cls
Document Class: scrartcl 2025/12/01 v3.49 KOMA-Script document class (article)
(/usr/share/texlive/texmf-dist/tex/latex/koma-script/scrkbase.sty
(/usr/share/texlive/texmf-dist/tex/latex/koma-script/scrbase.sty
(/usr/share/texlive/texmf-dist/tex/latex/koma-script/scrlfile.sty
(/usr/share/texlive/texmf-dist/tex/latex/koma-script/scrlfile-hook.sty
(/usr/share/texlive/texmf-dist/tex/latex/koma-script/scrlogo.sty)))
(/usr/share/texlive/texmf-dist/tex/latex/graphics/keyval.sty)))
(/usr/share/texlive/texmf-dist/tex/latex/koma-script/tocbasic.sty)
(/usr/share/texlive/texmf-dist/tex/latex/koma-script/scrsize11pt.clo)
(/usr/share/texlive/texmf-dist/tex/latex/koma-script/typearea.sty))
(../rapport_technique/preamble.tex
(/usr/share/texlive/texmf-dist/tex/latex/fontspec/fontspec.sty
(/usr/share/texlive/texmf-dist/tex/latex/l3packages/xparse/xparse.sty
(/usr/share/texlive/texmf-dist/tex/latex/l3kernel/expl3.sty
(/usr/share/texlive/texmf-dist/tex/latex/l3backend/l3backend-xetex.def)))
(/usr/share/texlive/texmf-dist/tex/latex/fontspec/fontspec-xetex.sty
(/usr/share/texlive/texmf-dist/tex/latex/base/fontenc.sty)
(/usr/share/texlive/texmf-dist/tex/latex/fontspec/fontspec.cfg)))
(/usr/share/texlive/texmf-dist/tex/latex/polyglossia/polyglossia.sty
(/usr/share/texlive/texmf-dist/tex/latex/etoolbox/etoolbox.sty)
(/usr/share/texlive/texmf-dist/tex/generic/iftex/iftex.sty)
(/usr/share/texlive/texmf-dist/tex/latex/polyglossia/gloss-latex.ldf))
(/usr/share/texlive/texmf-dist/tex/latex/polyglossia/gloss-french.ldf)
(/usr/share/texlive/texmf-dist/tex/latex/polyglossia/gloss-english.ldf)
(/usr/share/texlive/texmf-dist/tex/latex/geometry/geometry.sty
(/usr/share/texlive/texmf-dist/tex/generic/iftex/ifvtex.sty))
(/usr/share/texlive/texmf-dist/tex/latex/xcolor/xcolor.sty
(/usr/share/texlive/texmf-dist/tex/latex/graphics-cfg/color.cfg)
(/usr/share/texlive/texmf-dist/tex/latex/graphics-def/xetex.def)
(/usr/share/texlive/texmf-dist/tex/latex/graphics/mathcolor.ltx))
(/usr/share/texlive/texmf-dist/tex/latex/amsmath/amsmath.sty
For additional information on amsmath, use the `?' option.
(/usr/share/texlive/texmf-dist/tex/latex/amsmath/amstext.sty
(/usr/share/texlive/texmf-dist/tex/latex/amsmath/amsgen.sty))
(/usr/share/texlive/texmf-dist/tex/latex/amsmath/amsbsy.sty)
(/usr/share/texlive/texmf-dist/tex/latex/amsmath/amsopn.sty))
(/usr/share/texlive/texmf-dist/tex/latex/amsfonts/amssymb.sty
(/usr/share/texlive/texmf-dist/tex/latex/amsfonts/amsfonts.sty))
(/usr/share/texlive/texmf-dist/tex/latex/graphics/graphicx.sty
(/usr/share/texlive/texmf-dist/tex/latex/graphics/graphics.sty
(/usr/share/texlive/texmf-dist/tex/latex/graphics/trig.sty)
(/usr/share/texlive/texmf-dist/tex/latex/graphics-cfg/graphics.cfg)))
(/usr/share/texlive/texmf-dist/tex/latex/float/float.sty)
(/usr/share/texlive/texmf-dist/tex/latex/booktabs/booktabs.sty)
(/usr/share/texlive/texmf-dist/tex/latex/tools/longtable.sty)
(/usr/share/texlive/texmf-dist/tex/latex/tools/array.sty)
(/usr/share/texlive/texmf-dist/tex/latex/tools/tabularx.sty)
(/usr/share/texlive/texmf-dist/tex/latex/tools/multicol.sty)
(/usr/share/texlive/texmf-dist/tex/latex/multirow/multirow.sty)
(/usr/share/texlive/texmf-dist/tex/latex/caption/caption.sty
(/usr/share/texlive/texmf-dist/tex/latex/caption/caption3.sty)
(/usr/share/texlive/texmf-dist/tex/latex/caption/ltcaption.sty))
(/usr/share/texlive/texmf-dist/tex/latex/caption/subcaption.sty)
(/usr/share/texlive/texmf-dist/tex/latex/csquotes/csquotes.sty
(/usr/share/texlive/texmf-dist/tex/latex/csquotes/csquotes.def)
(/usr/share/texlive/texmf-dist/tex/latex/csquotes/csquotes.cfg))
(/usr/share/texlive/texmf-dist/tex/latex/enumitem/enumitem.sty)
(/usr/share/texlive/texmf-dist/tex/latex/siunitx/siunitx.sty
(/usr/share/texlive/texmf-dist/tex/latex/translations/translations.sty
(/usr/share/texlive/texmf-dist/tex/generic/pdftexcmds/pdftexcmds.sty
(/usr/share/texlive/texmf-dist/tex/generic/infwarerr/infwarerr.sty)
(/usr/share/texlive/texmf-dist/tex/generic/ltxcmds/ltxcmds.sty))))

Class scrartcl Warning: Usage of package `titlesec' together
(scrartcl)              with a KOMA-Script class is not recommended.
(scrartcl)              I'd suggest to use KOMA-Script features
(scrartcl)              like \setkomafont, \RedeclareSectionCommand, \sectionli
nesformat
(scrartcl)              and several others to re-configure section
(scrartcl)              headings.
(scrartcl)              Nevertheless, using requested
(scrartcl)              package `titlesec' on input line 140.

(/usr/share/texlive/texmf-dist/tex/latex/titlesec/titlesec.sty

Package titlesec Warning: Non standard sectioning command \section
(titlesec)                detected. Using default spacing and no format.


Package titlesec Warning: Non standard sectioning command \subsection
(titlesec)                detected. Using default spacing and no format.


Package titlesec Warning: Non standard sectioning command \subsubsection
(titlesec)                detected. Using default spacing and no format.


Package titlesec Warning: Non standard sectioning command \paragraph
(titlesec)                detected. Using default spacing and no format.


Package titlesec Warning: Non standard sectioning command \subparagraph
(titlesec)                detected. Using default spacing and no format.

)

Class scrartcl Warning: Usage of package `fancyhdr' together
(scrartcl)              with a KOMA-Script class is not recommended.
(scrartcl)              I'd suggest to use
(scrartcl)              package `scrlayer' or `scrlayer-scrpage', because
(scrartcl)              they support KOMA-Script classes.
(scrartcl)              With `fancyhdr' several features of class `scrartcl'
(scrartcl)              like options `headsepline', `footsepline' or command
(scrartcl)              `\MakeMarkcase' and the commands `\setkomafont' and
(scrartcl)              `\addtokomafont' for the page style elements need
(scrartcl)              explicite user intervention to work.
(scrartcl)              Nevertheless, using requested
(scrartcl)              package `fancyhdr' on input line 161.

(/usr/share/texlive/texmf-dist/tex/latex/fancyhdr/fancyhdr.sty)
(/usr/share/texlive/texmf-dist/tex/latex/tcolorbox/tcolorbox.sty
(/usr/share/texlive/texmf-dist/tex/latex/pgf/frontendlayer/tikz.sty
(/usr/share/texlive/texmf-dist/tex/latex/pgf/basiclayer/pgf.sty
(/usr/share/texlive/texmf-dist/tex/latex/pgf/utilities/pgfrcs.sty
(/usr/share/texlive/texmf-dist/tex/generic/pgf/utilities/pgfutil-common.tex)
(/usr/share/texlive/texmf-dist/tex/generic/pgf/utilities/pgfutil-latex.def)
(/usr/share/texlive/texmf-dist/tex/generic/pgf/utilities/pgfrcs.code.tex
(/usr/share/texlive/texmf-dist/tex/generic/pgf/pgf.revision.tex)))
(/usr/share/texlive/texmf-dist/tex/latex/pgf/basiclayer/pgfcore.sty
(/usr/share/texlive/texmf-dist/tex/latex/pgf/systemlayer/pgfsys.sty
(/usr/share/texlive/texmf-dist/tex/generic/pgf/systemlayer/pgfsys.code.tex
(/usr/share/texlive/texmf-dist/tex/generic/pgf/utilities/pgfkeys.code.tex
(/usr/share/texlive/texmf-dist/tex/generic/pgf/utilities/pgfkeyslibraryfiltered
.code.tex)) (/usr/share/texlive/texmf-dist/tex/generic/pgf/systemlayer/pgf.cfg)
(/usr/share/texlive/texmf-dist/tex/generic/pgf/systemlayer/pgfsys-xetex.def
(/usr/share/texlive/texmf-dist/tex/generic/pgf/systemlayer/pgfsys-dvipdfmx.def
(/usr/share/texlive/texmf-dist/tex/generic/pgf/systemlayer/pgfsys-common-pdf.de
f))))
(/usr/share/texlive/texmf-dist/tex/generic/pgf/systemlayer/pgfsyssoftpath.code.
tex)
(/usr/share/texlive/texmf-dist/tex/generic/pgf/systemlayer/pgfsysprotocol.code.
tex))
(/usr/share/texlive/texmf-dist/tex/generic/pgf/basiclayer/pgfcore.code.tex
(/usr/share/texlive/texmf-dist/tex/generic/pgf/math/pgfmath.code.tex
(/usr/share/texlive/texmf-dist/tex/generic/pgf/math/pgfmathutil.code.tex)
(/usr/share/texlive/texmf-dist/tex/generic/pgf/math/pgfmathparser.code.tex)
(/usr/share/texlive/texmf-dist/tex/generic/pgf/math/pgfmathfunctions.code.tex)
(/usr/share/texlive/texmf-dist/tex/generic/pgf/math/pgfmathfunctions.basic.code
.tex)
(/usr/share/texlive/texmf-dist/tex/generic/pgf/math/pgfmathfunctions.trigonomet
ric.code.tex)
(/usr/share/texlive/texmf-dist/tex/generic/pgf/math/pgfmathfunctions.random.cod
e.tex)
(/usr/share/texlive/texmf-dist/tex/generic/pgf/math/pgfmathfunctions.comparison
.code.tex)
(/usr/share/texlive/texmf-dist/tex/generic/pgf/math/pgfmathfunctions.base.code.
tex)
(/usr/share/texlive/texmf-dist/tex/generic/pgf/math/pgfmathfunctions.round.code
.tex)
(/usr/share/texlive/texmf-dist/tex/generic/pgf/math/pgfmathfunctions.misc.code.
tex)
(/usr/share/texlive/texmf-dist/tex/generic/pgf/math/pgfmathfunctions.integerari
thmetics.code.tex)
(/usr/share/texlive/texmf-dist/tex/generic/pgf/math/pgfmathcalc.code.tex)
(/usr/share/texlive/texmf-dist/tex/generic/pgf/math/pgfmathfloat.code.tex))
(/usr/share/texlive/texmf-dist/tex/generic/pgf/math/pgfint.code.tex)
(/usr/share/texlive/texmf-dist/tex/generic/pgf/basiclayer/pgfcorepoints.code.te
x)
(/usr/share/texlive/texmf-dist/tex/generic/pgf/basiclayer/pgfcorepathconstruct.
code.tex)
(/usr/share/texlive/texmf-dist/tex/generic/pgf/basiclayer/pgfcorepathusage.code
.tex)
(/usr/share/texlive/texmf-dist/tex/generic/pgf/basiclayer/pgfcorescopes.code.te
x)
(/usr/share/texlive/texmf-dist/tex/generic/pgf/basiclayer/pgfcoregraphicstate.c
ode.tex)
(/usr/share/texlive/texmf-dist/tex/generic/pgf/basiclayer/pgfcoretransformation
s.code.tex)
(/usr/share/texlive/texmf-dist/tex/generic/pgf/basiclayer/pgfcorequick.code.tex
)
(/usr/share/texlive/texmf-dist/tex/generic/pgf/basiclayer/pgfcoreobjects.code.t
ex)
(/usr/share/texlive/texmf-dist/tex/generic/pgf/basiclayer/pgfcorepathprocessing
.code.tex)
(/usr/share/texlive/texmf-dist/tex/generic/pgf/basiclayer/pgfcorearrows.code.te
x)
(/usr/share/texlive/texmf-dist/tex/generic/pgf/basiclayer/pgfcoreshade.code.tex
)
(/usr/share/texlive/texmf-dist/tex/generic/pgf/basiclayer/pgfcoreimage.code.tex
)
(/usr/share/texlive/texmf-dist/tex/generic/pgf/basiclayer/pgfcoreexternal.code.
tex)
(/usr/share/texlive/texmf-dist/tex/generic/pgf/basiclayer/pgfcorelayers.code.te
x)
(/usr/share/texlive/texmf-dist/tex/generic/pgf/basiclayer/pgfcoretransparency.c
ode.tex)
(/usr/share/texlive/texmf-dist/tex/generic/pgf/basiclayer/pgfcorepatterns.code.
tex)
(/usr/share/texlive/texmf-dist/tex/generic/pgf/basiclayer/pgfcorerdf.code.tex))
)
(/usr/share/texlive/texmf-dist/tex/generic/pgf/modules/pgfmoduleshapes.code.tex
) (/usr/share/texlive/texmf-dist/tex/generic/pgf/modules/pgfmoduleplot.code.tex
)
(/usr/share/texlive/texmf-dist/tex/latex/pgf/compatibility/pgfcomp-version-0-65
.sty)
(/usr/share/texlive/texmf-dist/tex/latex/pgf/compatibility/pgfcomp-version-1-18
.sty)) (/usr/share/texlive/texmf-dist/tex/latex/pgf/utilities/pgffor.sty
(/usr/share/texlive/texmf-dist/tex/latex/pgf/utilities/pgfkeys.sty
(/usr/share/texlive/texmf-dist/tex/generic/pgf/utilities/pgfkeys.code.tex))
(/usr/share/texlive/texmf-dist/tex/latex/pgf/math/pgfmath.sty
(/usr/share/texlive/texmf-dist/tex/generic/pgf/math/pgfmath.code.tex))
(/usr/share/texlive/texmf-dist/tex/generic/pgf/utilities/pgffor.code.tex))
(/usr/share/texlive/texmf-dist/tex/generic/pgf/frontendlayer/tikz/tikz.code.tex

(/usr/share/texlive/texmf-dist/tex/generic/pgf/libraries/pgflibraryplothandlers
.code.tex)
(/usr/share/texlive/texmf-dist/tex/generic/pgf/modules/pgfmodulematrix.code.tex
)
(/usr/share/texlive/texmf-dist/tex/generic/pgf/frontendlayer/tikz/libraries/tik
zlibrarytopaths.code.tex)))
(/usr/share/texlive/texmf-dist/tex/latex/tools/verbatim.sty)
(/usr/share/texlive/texmf-dist/tex/latex/environ/environ.sty
(/usr/share/texlive/texmf-dist/tex/latex/trimspaces/trimspaces.sty))
(/usr/share/texlive/texmf-dist/tex/latex/tcolorbox/tcbraster.code.tex
Library (tcolorbox): 'tcbraster.code.tex' version '6.9.0'
) (/usr/share/texlive/texmf-dist/tex/latex/tcolorbox/tcbskins.code.tex
Library (tcolorbox): 'tcbskins.code.tex' version '6.9.0'
(/usr/share/texlive/texmf-dist/tex/latex/tikzfill/tikzfill.image.sty
(/usr/share/texlive/texmf-dist/tex/latex/tikzfill/tikzfill-common.sty)
(/usr/share/texlive/texmf-dist/tex/latex/tikzfill/tikzlibraryfill.image.code.te
x)) (/usr/share/texlive/texmf-dist/tex/latex/tcolorbox/tcbskinsjigsaw.code.tex
Library (tcolorbox): 'tcbskinsjigsaw.code.tex' version '6.9.0'
)) (/usr/share/texlive/texmf-dist/tex/latex/tcolorbox/tcbbreakable.code.tex
Library (tcolorbox): 'tcbbreakable.code.tex' version '6.9.0'
(/usr/share/texlive/texmf-dist/tex/latex/pdfcol/pdfcol.sty))
(/usr/share/texlive/texmf-dist/tex/latex/tcolorbox/tcbhooks.code.tex
Library (tcolorbox): 'tcbhooks.code.tex' version '6.9.0'
) (/usr/share/texlive/texmf-dist/tex/latex/tcolorbox/tcbtheorems.code.tex
Library (tcolorbox): 'tcbtheorems.code.tex' version '6.9.0'
) (/usr/share/texlive/texmf-dist/tex/latex/tcolorbox/tcbfitting.code.tex
Library (tcolorbox): 'tcbfitting.code.tex' version '6.9.0'
) (/usr/share/texlive/texmf-dist/tex/latex/tcolorbox/tcblistingsutf8.code.tex
Library (tcolorbox): 'tcblistingsutf8.code.tex' version '6.9.0'
(/usr/share/texlive/texmf-dist/tex/latex/tcolorbox/tcblistings.code.tex
Library (tcolorbox): 'tcblistings.code.tex' version '6.9.0'
(/usr/share/texlive/texmf-dist/tex/latex/listings/listings.sty
(/usr/share/texlive/texmf-dist/tex/latex/listings/lstpatch.sty)
(/usr/share/texlive/texmf-dist/tex/latex/listings/lstmisc.sty)
(/usr/share/texlive/texmf-dist/tex/latex/listings/listings.cfg))
==> First Aid for listings.sty no longer applied!
    Expected:
        2024/09/23 1.10c (Carsten Heinz)
    but found:
        2025/11/14 1.11b (Carsten Heinz)
    so I'm assuming it got fixed.
(/usr/share/texlive/texmf-dist/tex/latex/tcolorbox/tcblistingscore.code.tex
Library (tcolorbox): 'tcblistingscore.code.tex' version '6.9.0'
(/usr/share/texlive/texmf-dist/tex/latex/tcolorbox/tcbprocessing.code.tex
Library (tcolorbox): 'tcbprocessing.code.tex' version '6.9.0'
)))) (/usr/share/texlive/texmf-dist/tex/latex/tcolorbox/tcbexternal.code.tex
Library (tcolorbox): 'tcbexternal.code.tex' version '6.9.0'
) (/usr/share/texlive/texmf-dist/tex/latex/tcolorbox/tcbmagazine.code.tex
Library (tcolorbox): 'tcbmagazine.code.tex' version '6.9.0'
) (/usr/share/texlive/texmf-dist/tex/latex/tcolorbox/tcbvignette.code.tex
Library (tcolorbox): 'tcbvignette.code.tex' version '6.9.0'

(/usr/share/texlive/texmf-dist/tex/generic/pgf/frontendlayer/tikz/libraries/tik
zlibraryfadings.code.tex
(/usr/share/texlive/texmf-dist/tex/generic/pgf/libraries/pgflibraryfadings.code
.tex))) (/usr/share/texlive/texmf-dist/tex/latex/tcolorbox/tcbposter.code.tex
Library (tcolorbox): 'tcbposter.code.tex' version '6.9.0'
)) (/usr/share/texlive/texmf-dist/tex/latex/lettrine/lettrine.sty
Loading lettrine.cfg
(/usr/share/texlive/texmf-dist/tex/latex/lettrine/lettrine.cfg))
(/usr/share/texlive/texmf-dist/tex/latex/hyperref/hyperref.sty
(/usr/share/texlive/texmf-dist/tex/latex/kvsetkeys/kvsetkeys.sty)
(/usr/share/texlive/texmf-dist/tex/generic/kvdefinekeys/kvdefinekeys.sty)
(/usr/share/texlive/texmf-dist/tex/generic/pdfescape/pdfescape.sty)
(/usr/share/texlive/texmf-dist/tex/latex/hycolor/hycolor.sty)
(/usr/share/texlive/texmf-dist/tex/latex/hyperref/nameref.sty
(/usr/share/texlive/texmf-dist/tex/latex/refcount/refcount.sty)
(/usr/share/texlive/texmf-dist/tex/generic/gettitlestring/gettitlestring.sty
(/usr/share/texlive/texmf-dist/tex/latex/kvoptions/kvoptions.sty)))
(/usr/share/texlive/texmf-dist/tex/generic/stringenc/stringenc.sty)
(/usr/share/texlive/texmf-dist/tex/latex/hyperref/pd1enc.def)
(/usr/share/texlive/texmf-dist/tex/generic/intcalc/intcalc.sty)
(/usr/share/texlive/texmf-dist/tex/latex/hyperref/puenc.def)
(/usr/share/texlive/texmf-dist/tex/latex/url/url.sty)
(/usr/share/texlive/texmf-dist/tex/generic/bitset/bitset.sty
(/usr/share/texlive/texmf-dist/tex/generic/bigintcalc/bigintcalc.sty)))
(/usr/share/texlive/texmf-dist/tex/latex/hyperref/hxetex.def
(/usr/share/texlive/texmf-dist/tex/latex/rerunfilecheck/rerunfilecheck.sty
(/usr/share/texlive/texmf-dist/tex/generic/uniquecounter/uniquecounter.sty))))
(./tables/x10_verdict.tex) (./tables/x10_headline.tex)
(/usr/share/texlive/texmf-dist/tex/latex/bookmark/bookmark.sty
(/usr/share/texlive/texmf-dist/tex/latex/bookmark/bkm-dvipdfm.def))
(./ApogeeInvest_Strategie2_XAUUSD_NiveauxX10_RapportTechnique.aux)
*geometry* driver: auto-detecting
*geometry* detected driver: xetex

(/usr/share/texlive/texmf-dist/tex/latex/translations/translations-basic-dictio
nary-french.trsl)
(/usr/share/texlive/texmf-dist/tex/latex/translations/translations-basic-dictio
nary-english.trsl)

Package polyglossia Warning: Failed to patch part for French

(/usr/share/texlive/texmf-dist/tex/latex/amsfonts/umsa.fd)
(/usr/share/texlive/texmf-dist/tex/latex/amsfonts/umsb.fd) [1]
Underfull \hbox (badness 10000) in paragraph at lines 142--144

(./ApogeeInvest_Strategie2_XAUUSD_NiveauxX10_RapportTechnique.toc

Package polyglossia Warning: Failed to patch part for French

[1] [2] [3]) [4] (./sections/00_resume_verdict.tex

LaTeX Font Warning: Font shape `TU/LatinModernRoman(0)/m/sc' undefined
(Font)              using `TU/LatinModernRoman(0)/m/n' instead on input line 43
.

[1] (./tables/x10_decision.tex

LaTeX Font Warning: Font shape `TU/LatinModernRoman(0)/b/sc' undefined
(Font)              using `TU/LatinModernRoman(0)/b/n' instead on input line 6.



Underfull \hbox (badness 6725) in paragraph at lines 12--12
[]|\TU/LatinModernRoman(0)/m/n/9 Trades in-sample 2019 $\OMS/cmsy/m/n/9 !$

Underfull \hbox (badness 10000) in paragraph at lines 14--14
[]|\TU/LatinModernRoman(0)/m/n/9 DSR (déflaté par dis-

Underfull \hbox (badness 2495) in paragraph at lines 17--17
[]|$\OT1/cmr/m/n/9 0$\TU/LatinModernRoman(0)/m/n/9 % d’années positives;

Underfull \hbox (badness 1152) in paragraph at lines 20--20
[]|\TU/LatinModernRoman(0)/m/n/9 n $\OMS/cmsy/m/n/9 ^^U$ \TU/LatinModernRoman(0
)/m/n/9 30, sinon NON
)

Package enumitem Warning: Negative labelwidth. This does not make much
(enumitem)                sense, on input line 110.

[2]) (./sections/01_mandat.tex

Package enumitem Warning: Negative labelwidth. This does not make much
(enumitem)                sense, on input line 21.

[3]

Package enumitem Warning: Negative labelwidth. This does not make much
(enumitem)                sense, on input line 69.

) (./sections/02_methodologie.tex [4] [5] (./tables/x10_v1_v2.tex
Underfull \hbox (badness 10000) in paragraph at lines 14--14
[]|\TU/LatinModernRoman(0)/m/n/9 DSR (déflaté par dis-

Underfull \hbox (badness 3179) in paragraph at lines 15--15
[]|\TU/LatinModernRoman(0)/m/n/9 PBO (CSCV, matrice 27 $\OMS/cmsy/m/n/9 ^^B$
) [6]

Package enumitem Warning: Negative labelwidth. This does not make much
(enumitem)                sense, on input line 127.

[7]) (./sections/03_grille_x10.tex (./tables/x10_feasibility.tex) [8] [9]

Package enumitem Warning: Negative labelwidth. This does not make much
(enumitem)                sense, on input line 73.

(./tables/x10_r_rule.tex)

LaTeX Font Warning: Font shape `TU/LatinModernMono(0)/b/n' undefined
(Font)              using `TU/LatinModernMono(0)/m/n' instead on input line 123
.

[10]) (./sections/04_mecanique.tex [11]

Package enumitem Warning: Negative labelwidth. This does not make much
(enumitem)                sense, on input line 50.

[12] [13] [14] [15]) (./sections/05_scenarios.tex (./tables/x10_scenarios.tex)
[16] [17]
Underfull \hbox (badness 4001) in paragraph at lines 117--117
[]|\TU/LatinModernRoman(0)/b/n/10.95 Qualité de la
[18]

Package enumitem Warning: Negative labelwidth. This does not make much
(enumitem)                sense, on input line 131.

[19]) (./sections/06_recherche_vs_execution.tex
Underfull \hbox (badness 3735) in paragraph at lines 20--20
[]|\TU/LatinModernRoman(0)/b/n/10.95 Moteur vecto-
(./tables/x10_engines.tex) [20] (./tables/x10_qc_by_year.tex) [21]
(./tables/x10_mt5_by_year.tex) (./tables/x10_mt5_by_scenario.tex)
(./tables/x10_mt5_attribution.tex
Underfull \hbox (badness 10000) in paragraph at lines 14--15
[]|\TU/LatinModernRoman(0)/m/n/9 mesuré, puis
) [22] (./tables/x10_rungs.tex
Underfull \hbox (badness 10000) in paragraph at lines 13--13
[]|\TU/LatinModernRoman(0)/m/n/9 diagnostic

Underfull \hbox (badness 1939) in paragraph at lines 17--17
[]|\TU/LatinModernRoman(0)/m/n/9 Python vers MT5, même

Underfull \hbox (badness 1939) in paragraph at lines 18--18
[]|\TU/LatinModernRoman(0)/m/n/9 Python vers MT5, même

Underfull \hbox (badness 10000) in paragraph at lines 22--22
[]|\TU/LatinModernRoman(0)/m/n/9 entrées non attribuées,
) [23]) (./sections/07_risque.tex

Package enumitem Warning: Negative labelwidth. This does not make much
(enumitem)                sense, on input line 42.

[24]) (./sections/08_in_sample.tex [25] (./tables/x10_grid27.tex)

Package enumitem Warning: Negative labelwidth. This does not make much
(enumitem)                sense, on input line 36.

[26] [27] (./tables/x10_walkforward.tex) [28] [29] (./tables/x10_sessions.tex)
(./tables/x10_regimes.tex) (./tables/x10_exits.tex) [30]
(./tables/x10_context_cuts.tex)

Package enumitem Warning: Negative labelwidth. This does not make much
(enumitem)                sense, on input line 205.


Overfull \hbox (0.3545pt too wide) in paragraph at lines 205--210
[]\TU/LatinModernRoman(0)/m/sc/10.95 Les \TU/LatinModernRoman(0)/m/it/10.95 rev
ersals \TU/LatinModernRoman(0)/m/sc/10.95 pris loin du \TU/LatinModernMono(0)/b
/n/10 VWAP \TU/LatinModernRoman(0)/m/sc/10.95 de séance rendent $\OMS/cmsy/m/n/
10.95 ^^@\OT1/cmr/m/n/10.95 0[]1991$ \TU/LatinModernRoman(0)/m/sc/10.95 R contr
e $\OMS/cmsy/m/n/10.95 ^^@\OT1/cmr/m/n/10.95 0[]1509$ \TU/LatinModernRoman(0)/m
/sc/10.95 R
[31] (./tables/x10_ablations.tex) (./tables/x10_concentration.tex) [32])
(./sections/09_hors_echantillon.tex [33]

Package enumitem Warning: Negative labelwidth. This does not make much
(enumitem)                sense, on input line 48.

[34]) (./sections/10_bootstrap_mc_ruine.tex [35] [36])
(./sections/11_robustesse_avancee.tex (./tables/x10_robustness.tex) [37]
[38] (./tables/x10_cpcv.tex)

Package enumitem Warning: Negative labelwidth. This does not make much
(enumitem)                sense, on input line 90.


Overfull \hbox (2.43547pt too wide) in paragraph at lines 95--101
[]\TU/LatinModernRoman(0)/m/sc/10.95 Le module du dépôt transmet des \TU/LatinM
odernRoman(0)/m/it/10.95 ren-
[39]) (./sections/12_sensibilite_couts.tex (./tables/x10_spread_measured.tex)
[40] (./tables/x10_costs.tex) [41] [42]

Package enumitem Warning: Negative labelwidth. This does not make much
(enumitem)                sense, on input line 138.

) (./sections/13_limites.tex [43] [44] [45])
(./sections/14b_non_deploiement.tex [46]
Overfull \hbox (1.4251pt too wide) in paragraph at lines 112--115
[] []\TU/LatinModernRoman(0)/b/n/10.95 Hypothèse 2 — un scénario unique.[] \TU/
LatinModernRoman(0)/m/sc/10.95 Le meilleur des quatre est Reversal Short à $\OM
S/cmsy/m/n/10.95 ^^@\OT1/cmr/m/n/10.95 0[]1549$ \TU/LatinModernRoman(0)/m/sc/10
.95 R.
[47]) (./sections/annexe_a_glossaire.tex

Package enumitem Warning: Negative labelwidth. This does not make much
(enumitem)                sense, on input line 19.

[48]

Package enumitem Warning: Negative labelwidth. This does not make much
(enumitem)                sense, on input line 33.


Package enumitem Warning: Negative labelwidth. This does not make much
(enumitem)                sense, on input line 54.


Package enumitem Warning: Negative labelwidth. This does not make much
(enumitem)                sense, on input line 71.

) (./sections/annexe_b_anatomie_trades.tex [49]
(./tables/x10_trade_examples.tex) [50]

Package enumitem Warning: Negative labelwidth. This does not make much
(enumitem)                sense, on input line 93.


Package enumitem Warning: Negative labelwidth. This does not make much
(enumitem)                sense, on input line 114.

) (./sections/annexe_c_plateau.tex [51] [52] [53])
(./sections/annexe_d_methodologie_robustesse.tex [54] [55])
(./sections/annexe_e_table_decision.tex [56]

Package enumitem Warning: Negative labelwidth. This does not make much
(enumitem)                sense, on input line 25.


Underfull \hbox (badness 10000) in paragraph at lines 44--44
[]|\TU/LatinModernRoman(0)/b/n/10.95 Déploiement à
[57]
Underfull \hbox (badness 2088) in paragraph at lines 118--118
\TU/LatinModernRoman(0)/m/sc/10.95 touché des barres posté-
[58]) [59] (./ApogeeInvest_Strategie2_XAUUSD_NiveauxX10_RapportTechnique.aux)

LaTeX Font Warning: Some font shapes were not available, defaults substituted.

 )
(see the transcript file for additional information)
Output written on ApogeeInvest_Strategie2_XAUUSD_NiveauxX10_RapportTechnique.pd
f (64 pages).
Transcript written on ApogeeInvest_Strategie2_XAUUSD_NiveauxX10_RapportTechniqu
e.log.
